// Jest Snapshot v1, https://goo.gl/fbAQLP

exports[`App renders app correctly 1`] = `
<DocumentFragment>
  <div
    class="app"
  >
    <header
      class="app-header"
    >
      Surreal Estate
    </header>
    <div
      class="navbar"
    >
      <img
        alt="surrealEstateLogo"
        class="navbar-image"
        src="https://mcrcodes.s3.eu-west-2.amazonaws.com/course/surreal-estate/logo.png"
      />
      <ul>
        <a
          class="navbar-links-item"
          href="/"
        >
          View Properties
        </a>
        <a
          class="navbar-links-item"
          href="/"
        >
          Add a Property
        </a>
      </ul>
    </div>
  </div>
</DocumentFragment>
`;
